 
clear;lines(0);
 
A=[1,2;3,4];
 
cumsum(A)
 ans  =
 
!   1.    6.  !
!   4.    10. !
 
cumsum(A,'r')
 ans  =
 
!   1.    2. !
!   4.    6. !
 
cumsum(A,'c')
 ans  =
 
!   1.    3. !
!   3.    7. !
 
a=rand(3,4)+%i;
 
[m,n]=size(a);
 
w=zeros(a);
 
w(1,:)=a(1,:);
 
for k=2:m;w(k,:)=w(k-1,:)+a(k,:);end;w-cumsum(a,'r')
 ans  =
 
!   0    0    0    0 !
!   0    0    0    0 !
!   0    0    0    0 !
 
