 
clear;lines(0);
 
s=poly(0,'s'); A = [s, s+1];
 
A+[], A*[]
 ans  =
 
!   s     1 + s  !
 ans  =
 
     []
 
A=rand(2,2); AA=A([],1), size(AA)
 AA  =
 
     []
 ans  =
 
!   0.    0. !
 
svd([])
 ans  =
 
     []
 
w=ssrand(2,2,2); wr=[]*w; size(wr), w1=ss2tf(wr), size(w1)
 ans  =
 
!   0.    2. !
 w1  =
 
     []
 ans  =
 
!   0.    0. !
 
