 
clear;lines(0);
 
h=figure();
Sorry, TK has not been enabled this the session.

 
// creates  figure number 1.
 
uicontrol( h, 'style','text',0...
 'string','This is a figure',0...
 'position',[50 70 100 100],0...
 'fontsize',15,0...
 'tag','Alabel');
             !--error     4 
undefined variable : h                       
 
 
// put a  text in figure 1
 
lab=findobj('tag','Alabel');
Sorry, TK has not been enabled this the session.

 
// find the object which 'tag' value is 'Alabel'
 
disp('the handle of the label is '+string(lab));
 
 the handle of the label is tag   
 
close();
Sorry, TK has not been enabled this the session.

 
