 
clear;lines(0);
 
// A simple example with fsolve
 
a=[1,7;2,8];b=[10;11];
 
deff('[y]=fsol1(x)','y=a*x+b');
 
deff('[y]=fsolj1(x)','y=a');
 
[xres]=fsolve([100;100],fsol1);
 
a*xres+b
 ans  =
 
!   0. !
!   0. !
 
[xres]=fsolve([100;100],fsol1,fsolj1);
 
a*xres+b
 ans  =
 
!   0. !
!   0. !
 
// See routines/default/Ex-fsolve.f
 
[xres]=fsolve([100;100],'fsol1','fsolj1',1.e-7);
 
a*xres+b
 ans  =
 
!   0. !
!   0. !
 
