 
clear;lines(0);
 
// MATRIX CASE
 
a=[1 2 3;4 5 6]
 a  =
 
!   1.    2.    3. !
!   4.    5.    6. !
 
a(1,2)=10
 a  =
 
!   1.    10.    3. !
!   4.    5.     6. !
 
a([1 1],2)=[-1;-2]
 a  =
 
!   1.  - 2.    3. !
!   4.    5.    6. !
 
a(:,1)=[8;5]
 a  =
 
!   8.  - 2.    3. !
!   5.    5.    6. !
 
a(1,3:-1:1)=[77 44 99]
 a  =
 
!   99.    44.    77. !
!   5.     5.     6.  !
 
a(1)=%s
 a  =
 
!   s     44     77  !
!                    !
!   5     5      6   !
 
a(6)=%s+1
 a  =
 
!   s     44     77     !
!                       !
!   5     5      1 + s  !
 
a(:)=1:6
 a  =
 
!   1.    3.    5. !
!   2.    4.    6. !
 
a([%t %f],1)=33
 a  =
 
!   33.    3.    5. !
!   2.     4.    6. !
 
a(1:2,$-1)=[2;4]
 a  =
 
!   33.    2.    5. !
!   2.     4.    6. !
 
a($:-1:1,1)=[8;7]
 a  =
 
!   7.    2.    5. !
!   8.    4.    6. !
 
a($)=123
 a  =
 
!   7.    2.    5.   !
!   8.    4.    123. !
 
//
 
x='test'
 x  =
 
 test   
 
x([4 5])=['4','5']
 x  =
 
!test        4  5  !
 
//
 
b=[1/%s,(%s+1)/(%s-1)]
 b  =
 
!   1     1 + s  !
!   -     -----  !
!   s   - 1 + s  !
 
b(1,1)=0
 b  =
 
!   0     1 + s  !
!   -     -----  !
!   1   - 1 + s  !
 
b(1,$)=b(1,$)+1
 b  =
 
!   0      2s    !
!   -     ----   !
!   1   - 1 + s  !
 
b(2)=[1 2] // the numerator
 b  =
 
!   1       2    !
!   -     -----  !
!   1   - 1 + s  !
 
// LIST OR TLIST CASE
 
l=list(1,'qwerw',%s)
 l  =
 
 
       l(1)
 
    1.  
 
       l(2)
 
 qwerw   
 
       l(3)
 
    s   
 
l(1)='Changed'
 l  =
 
 
       l(1)
 
 Changed   
 
       l(2)
 
 qwerw   
 
       l(3)
 
    s   
 
l(0)='Added'
 l  =
 
 
       l(1)
 
 Added   
 
       l(2)
 
 Changed   
 
       l(3)
 
 qwerw   
 
       l(4)
 
    s   
 
l(6)=['one more';'added']
 l  =
 
 
       l(1)
 
 Added   
 
       l(2)
 
 Changed   
 
       l(3)
 
 qwerw   
 
       l(4)
 
    s   
 
       l(5)
 
    Undefined
 
       l(6)
 
!one more  !
!          !
!added     !
 
//
 
//
 
dts=list(1,tlist(['x';'a';'b'],10,[2 3]));
 
dts(2)('a')=33
 dts  =
 
 
       dts(1)
 
    1.  
 
       dts(2)
 
 
        dts(2)(1)
 
!x  !
!   !
!a  !
!   !
!b  !
 
        dts(2)(2)
 
    33.  
 
        dts(2)(3)
 
!   2.    3. !
 
dts(2)('b')(1,2)=-100
 dts  =
 
 
       dts(1)
 
    1.  
 
       dts(2)
 
 
        dts(2)(1)
 
!x  !
!   !
!a  !
!   !
!b  !
 
        dts(2)(2)
 
    33.  
 
        dts(2)(3)
 
!   2.  - 100. !
 
