 
clear;lines(0);
 
//Evaluate magnitude response of continuous-time system
 
hs=analpf(4,'cheb1',[.1 0],5)
 hs  =
 
                         161.30794                         
    ---------------------------------------------------    
                                       2            3   4  
    179.23104 + 96.905252s + 37.094238s + 4.9181782s + s   
 
fr=0:.1:15;
 
hf=freq(hs(2),hs(3),%i*fr);
 
hm=abs(hf);
 
plot(fr,hm)
 
