 
clear;lines(0);
 
v=ones(1,20);
 
xbasc();
 
plot2d1('enn',0,[v';zeros(80,1)],2,'051',' ',[1,-0.5,100,1.5])
 
 
[d,n,e]=arl2(v,poly(1,'z','c'),1)
 e  =
 
    1.9245942  
 n  =
 
    1.3876748   
 d  =
 
  - 0.9390597 + z   
 
plot2d1('enn',0,ldiv(n,d,100),2,'000')
 
[d,n,e]=arl2(v,d,3)
 e  =
 
    1.0234193  
 n  =
 
                                       2  
    1.0579599 - 2.1005165z + 1.1416636z   
 d  =
 
                                       2   3  
  - 0.7724173 + 2.4900655z - 2.7128331z + z   
 
plot2d1('enn',0,ldiv(n,d,100),3,'000')
 
[d,n,e]=arl2(v,d,8)
 e  =
 
    0.5438038  
 n  =
 
                                       2            3            4      
  - 0.0875932 + 1.4047809z - 5.5606165z + 11.283141z - 13.790644z       
                        5            6            7                     
            + 10.510663z - 4.7129781z + 0.9808932z                      
 d  =
 
                                       2            3            4      
    0.3873518 - 2.9265652z + 10.138818z - 21.067952z + 28.760682z       
                        5            6            7   8                 
            - 26.455371z + 16.044094z - 5.8796677z + z                  
 
plot2d1('enn',0,ldiv(n,d,100),5,'000')
 
 
[d,n,e]=arl2(v,poly(1,'z','c'),4,'all')
 e  =
 
!   0.8558485 !
!   1.0187965 !
!   1.2977637 !
 n  =
 
!                                      2            3 !
! - 0.4165009 + 1.7033634z - 2.1443885z + 0.9065455z  !
!                                                     !
!                                     2            3  !
!   1.050505 - 1.0392265z - 0.9406747z + 1.1255462z   !
!                                                     !
!                                      2            3 !
! - 0.3676051 - 0.3676051z + 0.8320205z + 0.8320205z  !
 d  =
 
!                                      2            3   4 !
!   0.6849097 - 2.9203474z + 4.7619237z - 3.5239892z + z  !
!                                                         !
!                                      2            3   4 !
! - 0.7432615 + 1.6246552z - 0.1229325z - 1.7489305z + z  !
!                                                         !
!                                      2            3   4 !
!   0.7371392 - 1.662D-13z - 1.6880577z + 1.640D-13z + z  !
 
plot2d1('enn',0,ldiv(n(1),d(1),100),10,'000')
 
