 
clear;lines(0);
 
a=[1,-2.851,2.717,-0.865].*.eye(2,2)
 a  =
 
!   1.    0.  - 2.851    0.       2.717    0.     - 0.865    0.    !
!   0.    1.    0.     - 2.851    0.       2.717    0.     - 0.865 !
 
b=[0,1,1,1].*.[1;1];
 
d=[1,0.7,0.2].*.eye(2,2);
 
sig=eye(2,2);
 
ar=armac(a,b,d,2,1,sig)
 ar  =
 
 
  A(z^-1)y=B(z^-1)u + D(z^-1) e(t)
  
 
 A(x) =   
 
!                      2        3                                  !
!   1 - 2.851x + 2.717x - 0.865x     0                             !
!                                                                  !
!                                                       2        3 !
!   0                                1 - 2.851x + 2.717x - 0.865x  !
  
 
 B(x) =   
 
!        2   3 !
!   x + x + x  !
!              !
!        2   3 !
!   x + x + x  !
  
 
 D(x)   
 
!                  2                     !
!   1 + 0.7x + 0.2x     0                !
!                                        !
!                                      2 !
!   0                   1 + 0.7x + 0.2x  !
 
  e(t)=Sig*w(t); w(t) 2-dim white noise
 
        | 1  0 |
  Sig=  | 0  1 |
 
 
// extract polynomial matrices from ar representation
 
[A,B,D]=arma2p(ar);
 
