 
clear;lines(0);
 
A=rand(3,2);b=[1;1;1]; x=A\b; y=pinv(A)*b;  x-y
 ans  =
 
   1.0D-15 *
 
!   0.2012279 !
!   0.        !
 
A=rand(2,3);b=[1;1]; x=A\b; y=pinv(A)*b; x-y, A*x-b, A*y-b
 ans  =
 
!   0.7520781 !
! - 0.2467177 !
! - 0.7531501 !
 ans  =
 
!   0. !
!   0. !
 ans  =
 
   1.0D-15 *
 
! - 0.4440892 !
! - 0.2220446 !
 
A=rand(3,1)*rand(1,2); b=[1;1;1]; x=A\b; y=pinv(A)*b; A*x-b, A*y-b
  deficient rank: rank =   1 - tol =   1.4363D-16
 ans  =
 
!   0.2361985 !
! - 0.6621423 !
! - 0.0737118 !
 ans  =
 
!   0.2361985 !
! - 0.6621423 !
! - 0.0737118 !
 
A=rand(2,1)*rand(1,3); b=[1;1]; x=A\b; y=pinv(A)*b; A*x-b, A*y-b
  deficient rank: rank =   1 - tol =   5.6525D-16
 ans  =
 
! - 0.7121998 !
!   0.1745156 !
 ans  =
 
! - 0.7121998 !
!   0.1745156 !
 
