 
clear;lines(0);
 
A=diag([-1,-2,-3,-4,-5]);B=rand(5,2);C=rand(1,5);
 
sl=syslin('c',A,B,C);
 
[slb,U]=balreal(sl);
 
Wc=clean(ctr_gram(slb))
 Wc  =
 
!   0.4568592    0.           0.           0.           0.        !
!   0.           0.0277383    0.           0.           0.        !
!   0.           0.           0.0026273    0.           0.        !
!   0.           0.           0.           0.0010974    0.        !
!   0.           0.           0.           0.           0.0000052 !
 
W0=clean(obs_gram(slb))
 W0  =
 
!   0.4568592    0.           0.           0.           0.        !
!   0.           0.0277383    0.           0.           0.        !
!   0.           0.           0.0026273    0.           0.        !
!   0.           0.           0.           0.0010974    0.        !
!   0.           0.           0.           0.           0.0000052 !
 
