 
clear;lines(0);
 
x=[1,2,3;4,5,6;7,8,9;10,11,12]
 x  =
 
!   1.     2.     3.  !
!   4.     5.     6.  !
!   7.     8.     9.  !
!   10.    11.    12. !
 
cels=casc(x,'z')
 cels  =
 
!             2               2               2  !
!   1 + 4z + z      2 + 5z + z      3 + 6z + z   !
!   ----------      ----------      ----------   !
!              2               2               2 !
!   7 + 10z + z     8 + 11z + z     9 + 12z + z  !
 
