 
clear;lines(0);
 
s=poly(0,'s')
 s  =
 
    s   
 
h=syslin('c',(s^2+2*0.9*10*s+100)/(s^2+2*0.3*10.1*s+102.01))
 h  =
 
                   2     
      100 + 18s + s      
    -----------------    
                      2  
    102.01 + 6.06s + s   
 
black(h,0.01,100,'(s^2+2*0.9*10*s+100)/(s^2+2*0.3*10.1*s+102.01)')
 
chart(list(1,0,2,3));
 
