 
clear;lines(0);
 
x=poly(0,'x');
 
w=[x,1,2+x;3+x,2-x,x^2;1,2,3+x]/3;
 
w*inv(w)
 ans  =
 
 
         column 1 to 2
 
!   1                                                    0  !
!   -                                                    -  !
!   1                                                    1  !
!                                                           !
!                      9.714D-17x                        1  !
!   ------------------------------------------------     -  !
!                                      2            3       !
! - 0.0370370 + 0.3703704x + 0.0740741x - 0.1111111x     1  !
!                                                           !
!   0                                                    0  !
!   -                                                    -  !
!   1                                                    1  !
 
         column 3
 
!                         2            3               !
!             - 1.388D-17x - 2.082D-17x                !
!   -----------------------------------------------    !
!                                      2            3  !
! - 0.0370370 + 0.3703704x + 0.0740741x - 0.1111111x   !
!                                                      !
!                          2            3            4 !
! - 5.551D-17x - 8.327D-17x + 2.776D-17x - 2.082D-17x  !
!   -------------------------------------------------  !
!                                      2            3  !
! - 0.0370370 + 0.3703704x + 0.0740741x - 0.1111111x   !
!                                                      !
!   1                                                  !
!   -                                                  !
!   1                                                  !
 
clean(w*inv(w))
 ans  =
 
!   1     0     0  !
!   -     -     -  !
!   1     1     1  !
!                  !
!   0     1     0  !
!   -     -     -  !
!   1     1     1  !
!                  !
!   0     0     1  !
!   -     -     -  !
!   1     1     1  !
 
