 
clear;lines(0);
 
s=poly(0,'s');
 
p=poly([1,2,3,4,1],'s','c')
 p  =
 
               2    3   4  
    1 + 2s + 3s + 4s + s   
 
det(s*eye()-companion(p))
 ans  =
 
               2    3   4  
    1 + 2s + 3s + 4s + s   
 
roots(p)
 ans  =
 
! - 0.0467994 + 0.6765268i !
! - 0.0467994 - 0.6765268i !
! - 0.6723782              !
! - 3.2340229              !
 
spec(companion(p))
 ans  =
 
! - 3.2340229              !
! - 0.6723782              !
! - 0.0467994 + 0.6765268i !
! - 0.0467994 - 0.6765268i !
 
