 
clear;lines(0);
 
s=poly(0,'s');
 
Sys=syslin('c',[1,1/(s+1);2*s/(s^2+2),1/s])
 Sys  =
 
!   1           1    !
!   -         -----  !
!   1         1 + s  !
!                    !
!    2s       1      !
!   ----      -      !
!        2           !
!   2 + s     s      !
 
ss2tf(dscr(tf2ss(Sys),0.1))
 ans  =
 
!   1                          0.0951626    !
!   -                        -------------  !
!   1                      - 0.9048374 + z  !
!                                           !
! - 0.199334 + 0.199334z      0.1           !
!   --------------------     -----          !
!                      2                    !
!    1 - 1.9800333z + z    - 1 + z          !
 
