 
clear;lines(0);
 
s=poly(0,'s');
 
sys=(s+1)/(s^3-5*s+4)
 sys  =
 
      1 + s      
    ---------    
              3  
    4 - 5s + s   
 
rep=freq(sys("num"),sys("den"),[0,0.9,1.1,2,3,10,20])
 rep  =
 
 
         column 1 to 6
 
!   0.25    8.2969432  - 12.426036    1.5    0.25    0.0115304 !
 
         column 7
 
!   0.0026569 !
 
[horner(sys,0),horner(sys,20)]
 ans  =
 
!   0.25    0.0026569 !
 
//
 
Sys=tf2ss(sys);
 
[A,B,C,D]=abcd(Sys);
 
freq(A,B,C,[0,0.9,1.1,2,3,10,20])
 ans  =
 
 
         column 1 to 6
 
!   0.25    8.2969432  - 12.426036    1.5    0.25    0.0115304 !
 
         column 7
 
!   0.0026569 !
 
