 
clear;lines(0);
 
//create a simple m_file
 
write(TMPDIR+'rot90.m',['function B = rot90(A,k)'
 '[m,n] = size(A);'
 'if nargin == 1'
 '    k = 1;'
 'else'
 '    k = rem(k,4);'
 '    if k < 0'
 '        k = k + 4;'
 '    end'
 'end'
 'if k == 1'
 '    A = A.'';'
 '    B = A(n:-1:1,:);'
 'elseif k == 2'
 '    B = A(m:-1:1,n:-1:1);'
 'elseif k == 3'
 '    B = A(m:-1:1,:);'
 '    B = B.'';'
 'else'
 '    B = A;'
 'end']);
 
// translate it dor scilab
 
