 
clear;lines(0);
 
s=poly(0,'s');
 
G=[1,s;1+s^2,3*s^3];[N,B,C]=pol2des(G);
 
G1=clean(C*inv(s*N-eye())*B),G2=numer(G1)
    rank A^k    rcond
        3.      0.911D-16
        2.      0.123D-15
        1.      0.100D+01
 G1  =
 
!   1         s   !
!   -         -   !
!   1         1   !
!                 !
!        2      3 !
!   1 + s     3s  !
!   -----    ---  !
!     1       1   !
 G2  =
 
!   1         s   !
!                 !
!        2      3 !
!   1 + s     3s  !
 
