 
clear;lines(0);
 
F=randpencil([],[2],[1,2,3],[]);
 
F=rand(5,5)*F*rand(5,5);   // 5 x 5 regular pencil with 3 evals at 1,2,3
 
[Ws,F1]=rowshuff(F,-1);
 
[E1,A1]=pen2ea(F1);
 
svd(E1)           //E1 non singular
 ans  =
 
!   4.0042867 !
!   0.3774854 !
!   0.3182555 !
!   0.1007056 !
!   0.0198131 !
 
roots(det(Ws))
 ans  =
 
! - 1. + 2.107D-08i !
! - 1. - 2.107D-08i !
 
clean(inv(F)-inv(F1)*Ws,1.d-7)
    rank A^k    rcond
        4.      0.115D-15
        3.      0.189D+00
 ans  =
 
 
         column 1
 
!                                      2            3 !
! - 0.0000028 + 0.0000014s + 2.606D-07s - 1.137D-07s  !
!   ------------------------------------------------  !
!                               2   3                 !
!                 - 6 + 11s - 6s + s                  !
!                                                     !
!                                      2            3 !
! - 0.0000155 + 0.0000097s + 4.398D-07s - 5.308D-07s  !
!   ------------------------------------------------  !
!                               2   3                 !
!                 - 6 + 11s - 6s + s                  !
!                                                     !
!                                      2              !
!   0.0000012 - 3.764D-07s - 2.988D-07s               !
!   -----------------------------------               !
!                        2   3                        !
!          - 6 + 11s - 6s + s                         !
!                                                     !
!                                      3              !
! - 0.0000060 + 0.0000037s - 1.327D-07s               !
!   -----------------------------------               !
!                        2   3                        !
!          - 6 + 11s - 6s + s                         !
!                                                     !
!                                      2            3 !
! - 0.0000579 + 0.0000311s + 0.0000018s - 0.0000017s  !
!   ------------------------------------------------  !
!                               2   3                 !
!                 - 6 + 11s - 6s + s                  !
 
         column 2
 
! - 6.666D-07 + 4.411D-07s                            !
!   ----------------------                            !
!                  2   3                              !
!    - 6 + 11s - 6s + s                               !
!                                                     !
!                                      3              !
!   0.0000112 - 0.0000100s + 4.762D-07s               !
!   -----------------------------------               !
!                        2   3                        !
!          - 6 + 11s - 6s + s                         !
!                                                     !
!    - 1.127D-07                                      !
!   ---------------                                   !
!               2   3                                 !
! - 6 + 11s - 6s + s                                  !
!                                                     !
!   9.641D-07 - 8.091D-07s                            !
!   ----------------------                            !
!                  2   3                              !
!    - 6 + 11s - 6s + s                               !
!                                                     !
!                                      2            3 !
!   0.0000053 - 0.0000025s - 1.500D-07s + 1.181D-07s  !
!   ------------------------------------------------  !
!                               2   3                 !
!                 - 6 + 11s - 6s + s                  !
 
         column 3 to 4
 
!      2.019D-07             - 2.247D-07 + 2.348D-07s               !
!   ---------------            ----------------------               !
!               2   3                         2   3                 !
! - 6 + 11s - 6s + s            - 6 + 11s - 6s + s                  !
!                                                                   !
!                                                                 2 !
!    - 9.426D-07s              0.0000012 - 0.0000015s + 3.386D-07s  !
!   ----------------           -----------------------------------  !
!               2   3                               2   3           !
! - 6 + 11s - 6s + s                  - 6 + 11s - 6s + s            !
!                                                                   !
!   0                          0                                    !
!   -                          -                                    !
!   1                          1                                    !
!                                                                   !
!    - 1.025D-07s              0                                    !
!   ----------------           -                                    !
!               2   3                                               !
! - 6 + 11s - 6s + s           1                                    !
!                                                                   !
! - 0.0000028 + 0.0000017s     1.964D-07 - 1.168D-07s               !
!   ----------------------     ----------------------               !
!                  2   3                      2   3                 !
!    - 6 + 11s - 6s + s         - 6 + 11s - 6s + s                  !
 
         column 5
 
!   0                                                                  !
!   -                                                                  !
!   1                                                                  !
!                                                                      !
!                         2.097D-07 - 1.487D-07s                       !
!   ------------------------------------------------------------------ !
!                                      2            3            4     !
!   35.999997 - 131.99999s + 192.99999s - 143.99999s + 57.999998s      !
!           5   6                                                      !
!      - 12s + s                                                       !
!                                                                      !
!   0                                                                  !
!   -                                                                  !
!   1                                                                  !
!                                                                      !
!   0                                                                  !
!   -                                                                  !
!   1                                                                  !
!                                                                      !
!                                      2                               !
!   9.195D-07 - 3.613D-07s - 2.514D-07s                                !
!   -----------------------------------                                !
!                        2   3                                         !
!          - 6 + 11s - 6s + s                                          !
 
