 
clear;lines(0);
 
A=sprand(10,12,0.1);
 
sp=spones(A)
 sp  =
 
(   10,   12) sparse matrix
 
(    4,    1)        1. 
(    4,   10)        1. 
(    5,    3)        1. 
(    5,    7)        1. 
(    6,   10)        1. 
(    7,    4)        1. 
(    7,   11)        1. 
(    8,    2)        1. 
(    8,    8)        1. 
(    9,    2)        1. 
(    9,    5)        1. 
(    9,   12)        1. 
 
B = A~=0
 B  =
 
(   10,   12) sparse matrix
 
(    4,    1)    T 
(    4,   10)    T 
(    5,    3)    T 
(    5,    7)    T 
(    6,   10)    T 
(    7,    4)    T 
(    7,   11)    T 
(    8,    2)    T 
(    8,    8)    T 
(    9,    2)    T 
(    9,    5)    T 
(    9,   12)    T 
 
bool2s(B)
 ans  =
 
(   10,   12) sparse matrix
 
(    4,    1)        1. 
(    4,   10)        1. 
(    5,    3)        1. 
(    5,    7)        1. 
(    6,   10)        1. 
(    7,    4)        1. 
(    7,   11)        1. 
(    8,    2)        1. 
(    8,    8)        1. 
(    9,    2)        1. 
(    9,    5)        1. 
(    9,   12)        1. 
 
