 
clear;lines(0);
 
A=['1','2';'a','b']
 A  =
 
!1  2  !
!      !
!a  b  !
 
W=trianfml([A,string(eye(2,2))])
 W  =
 
!a  b      0  1   !
!                 !
!0  a*2-b  a  -1  !
 
U=W(:,3:4)
 U  =
 
!0  1   !
!       !
!a  -1  !
 
a=5;b=6;
 
A=evstr(A)
 A  =
 
!   1.    2. !
!   5.    6. !
 
U=evstr(U)
 U  =
 
!   0.    1. !
!   5.  - 1. !
 
U*A
 ans  =
 
!   5.    6. !
!   0.    4. !
 
evstr(W(:,1:2))
 ans  =
 
!   5.    6. !
!   0.    4. !
 
