 
clear;lines(0);
 
plot2d(0,0,[-1],"012"," ",[0,-10,210,40])
 
x1=[0,10,20,30,20,10,0]';
 
y1=[15,30,30,15,0,0,15]';
 
xpols=[x1 x1 x1 x1]; xpols=xpols+[0,60,120,180].*.ones(x1);
 
ypols=[y1 y1 y1 y1];
 
// setting the current dash (or line color)
 
xset("dashes",5)
 
xfpolys(xpols,ypols,[-1,0,1,2])
 
xset("default")
 
