 
clear;lines(0);
 
s=poly(0,'s');G=[1/(s-1),s;1,2/s^3];
 
S1=tf2des(G);S2=tf2des(G,"withD");
 
W1=des2ss(S1);W2=des2ss(S2);
    rank A^k    rcond
        5.      0.000D+00
        4.      0.217D+00
    rank A^k    rcond
        6.      0.100D-30
        5.      0.908D-31
        4.      0.342D+00
    rank A^k    rcond
        5.      0.000D+00
        4.      0.217D+00
    rank A^k    rcond
        5.      0.100D-30
        4.      0.908D-31
        3.      0.311D+00
 
clean(ss2tf(W1))
 ans  =
 
!     1       s  !
!   -----     -  !
! - 1 + s     1  !
!                !
!   1         2  !
!   -         -  !
!              3 !
!   1         s  !
 
clean(ss2tf(W2))
 ans  =
 
!     1       s  !
!   -----     -  !
! - 1 + s     1  !
!                !
!   1         2  !
!   -         -  !
!              3 !
!   1         s  !
 
