 
clear;lines(0);
 
x=poly(0,'x');
 
det([x,1+x;2-x,x^2])
 ans  =
 
             2   3  
  - 2 - x + x + x   
 
w=ssrand(2,2,4);roots(det(systmat(w))),trzeros(w)   //zeros of linear system
 ans  =
 
!   2.0469329 !
! - 13.051667 !
 ans  =
 
! - 13.051667 !
!   2.0469329 !
 
A=rand(3,3);
 
det(A), prod(spec(A))
 ans  =
 
    0.1512284  
 ans  =
 
    0.1512284  
 
