 
clear;lines(0);
 
eye(2,3)
 ans  =
 
!   1.    0.    0. !
!   0.    1.    0. !
 
A=rand(2,3);eye(A)
 ans  =
 
!   1.    0.    0. !
!   0.    1.    0. !
 
s=poly(0,'s');A=[s,1;s,s+1];eye(A)
 ans  =
 
!   1.    0. !
!   0.    1. !
 
A=[1/s,1;s,2];eye(A);
 
A=ssrand(2,2,3);eye(A)
 ans  =
 
!   1.    0. !
!   0.    1. !
 
[1 2;3 4]+2*eye()
 ans  =
 
!   3.    2. !
!   3.    6. !
 
