 
clear;lines(0);
 
host("ls $SCI/demos");
 
host("emacs $SCI/demos/wheel2/Makefile");
 
deff('wd=pwd()','if MSDOS then host(''cd>''+TMPDIR+''\path'');..
                 else host(''pwd>''+TMPDIR+''/path'');end..
      wd=read(TMPDIR+''/path'',1,1,''(a)'')')
 
wd=pwd()
 wd  =
 
 /usr/local/lib/scilab-2.5/tests/examples   
 
