 
clear;lines(0);
 
A=[-eye(2,2),rand(2,2);zeros(2,2),-2*eye(2,2)];
 
B=[rand(2,2);zeros(2,2)];C=rand(2,4);
 
sl=syslin('c',A,B,C);
 
slb=minreal(sl);
 
ss2tf(sl)
 ans  =
 
!   0.9367813     1.1308516  !
!   ---------     ---------  !
!     1 + s         1 + s    !
!                            !
!   0.4617145     0.5122992  !
!   ---------     ---------  !
!     1 + s         1 + s    !
 
ss2tf(slb)
 ans  =
 
!   0.9367813     1.1308516  !
!   ---------     ---------  !
!     1 + s         1 + s    !
!                            !
!   0.4617145     0.5122992  !
!   ---------     ---------  !
!     1 + s         1 + s    !
 
ctr_gram(sl)
 ans  =
 
!   0.5823995    0.5004083  - 1.665D-16    0. !
!   0.5004083    0.4325516  - 1.325D-16    0. !
! - 1.665D-16  - 1.325D-16    0.           0. !
!   0.           0.           0.           0. !
 
clean(ctr_gram(slb))
 ans  =
 
!   0.8110699    0.        !
!   0.           0.0130131 !
 
clean(obs_gram(slb))
 ans  =
 
!   0.8110699    0.        !
!   0.           0.0130131 !
 
