 
clear;lines(0);
 
 s=poly(0,'s')
 s  =
 
    s   
 
 sysdiag(rand(2,2),1/(s+1),[1/(s-1);1/((s-2)*(s-3))])
 ans  =
 
!   0.2113249     0.0002211     0         0           !
!   ---------     ---------     -         -           !
!       1             1         1         1           !
!                                                     !
!   0.7560439     0.3303271     0         0           !
!   ---------     ---------     -         -           !
!       1             1         1         1           !
!                                                     !
!   0             0               1       0           !
!   -             -             -----     -           !
!   1             1             1 + s     1           !
!                                                     !
!   0             0             0           1         !
!   -             -             -         -----       !
!   1             1             1       - 1 + s       !
!                                                     !
!   0             0             0             1       !
!   -             -             -         ---------   !
!                                                   2 !
!   1             1             1         6 - 5s + s  !
 
 sysdiag(tf2ss(1/s),1/(s+1),[1/(s-1);1/((s-2)*(s-3))])
 ans  =
 
 
       ans(1)   (state-space system:)
 
!lss  A  B  C  D  X0  dt  !
 
       ans(2) = A matrix = 
 
!   0.    0.    0.           0.           0.        !
!   0.  - 1.    0.           0.           0.        !
!   0.    0.    1.           2.235D-08  - 4.843D-08 !
!   0.    0.    4.150D-08    4.6666667  - 2.1272641 !
!   0.    0.  - 4.065D-10    2.0892772    0.3333333 !
 
       ans(3) = B matrix = 
 
!   1.    0.    0.        !
!   0.    1.    0.        !
!   0.    0.  - 1.619D+08 !
!   0.    0.  - 2.3094011 !
!   0.    0.    0.4605662 !
 
       ans(4) = C matrix = 
 
!   1.    0.    0.           0.           0. !
!   0.    1.    0.           0.           0. !
!   0.    0.  - 6.178D-09    0.           0. !
!   0.    0.    8.825D-10  - 0.0618590    0. !
 
       ans(5) = D matrix = 
 
!   0.    0.    0. !
!   0.    0.    0. !
!   0.    0.    0. !
!   0.    0.    0. !
 
       ans(6) = X0 (initial state) = 
 
!   0. !
!   0. !
!   0. !
!   0. !
!   0. !
 
       ans(7) = Time domain = 
 
     []
 
 
 s=poly(0,'s')
 s  =
 
    s   
 
 sysdiag(rand(2,2),1/(s+1),[1/(s-1);1/((s-2)*(s-3))])
 ans  =
 
!   0.6653811     0.8497452     0         0           !
!   ---------     ---------     -         -           !
!       1             1         1         1           !
!                                                     !
!   0.6283918     0.6857310     0         0           !
!   ---------     ---------     -         -           !
!       1             1         1         1           !
!                                                     !
!   0             0               1       0           !
!   -             -             -----     -           !
!   1             1             1 + s     1           !
!                                                     !
!   0             0             0           1         !
!   -             -             -         -----       !
!   1             1             1       - 1 + s       !
!                                                     !
!   0             0             0             1       !
!   -             -             -         ---------   !
!                                                   2 !
!   1             1             1         6 - 5s + s  !
 
 sysdiag(tf2ss(1/s),1/(s+1),[1/(s-1);1/((s-2)*(s-3))])
 ans  =
 
 
       ans(1)   (state-space system:)
 
!lss  A  B  C  D  X0  dt  !
 
       ans(2) = A matrix = 
 
!   0.    0.    0.           0.           0.        !
!   0.  - 1.    0.           0.           0.        !
!   0.    0.    1.           2.235D-08  - 4.843D-08 !
!   0.    0.    4.150D-08    4.6666667  - 2.1272641 !
!   0.    0.  - 4.065D-10    2.0892772    0.3333333 !
 
       ans(3) = B matrix = 
 
!   1.    0.    0.        !
!   0.    1.    0.        !
!   0.    0.  - 1.619D+08 !
!   0.    0.  - 2.3094011 !
!   0.    0.    0.4605662 !
 
       ans(4) = C matrix = 
 
!   1.    0.    0.           0.           0. !
!   0.    1.    0.           0.           0. !
!   0.    0.  - 6.178D-09    0.           0. !
!   0.    0.    8.825D-10  - 0.0618590    0. !
 
       ans(5) = D matrix = 
 
!   0.    0.    0. !
!   0.    0.    0. !
!   0.    0.    0. !
!   0.    0.    0. !
 
       ans(6) = X0 (initial state) = 
 
!   0. !
!   0. !
!   0. !
!   0. !
!   0. !
 
       ans(7) = Time domain = 
 
     []
 
