 
clear;lines(0);
 
W1=ssrand(2,2,5);trzeros(W1)    //call trzeros
 ans  =
 
!   4.0787946 !
! - 2.0770453 !
! - 1.3252255 !
 
roots(det(systmat(W1)))         //roots of det(system matrix)
 ans  =
 
! - 1.3252255 !
! - 2.0770453 !
!   4.0787946 !
 
s=poly(0,'s');W=[1/(s+1);1/(s-2)];W2=(s-3)*W*W';[nt,dt,rk]=trzeros(W2);
 
St=systmat(tf2ss(W2));[Q,Z,Qd,Zd,numbeps,numbeta]=kroneck(St);
 
St1=Q*St*Z;rowf=(Qd(1)+Qd(2)+1):(Qd(1)+Qd(2)+Qd(3));
 
colf=(Zd(1)+Zd(2)+1):(Zd(1)+Zd(2)+Zd(3));
 
roots(St1(rowf,colf)), nt./dt     //By Kronecker form
 ans  =
 
    3.  
 ans  =
 
    3.  
 
