scilab_functions=[... 
"fmexfunction1";
"fmexfunction2";
                 ]; 
      
      
gateway_routines=[...
"fmexfunction1.o";
"fmexfunction2.o";
]; 
    
util_routines =[...   
             ]; 
object_files=G_make(["generic_gateway.o";gateway_routines;util_routines],"generic.dll"); 
addinter(object_files,"generic_gateway",scilab_functions); 
